// Jest Snapshot v1, https://goo.gl/fbAQLP

exports[`проверка кнопки фильтрации "заблокированные" 1`] = `
Array [
  <div>
    <button
      id="allBtn"
      onClick={[Function]}
    >
      Все
    </button>
    <button
      id="activeBtn"
      onClick={[Function]}
    >
      Активные
    </button>
    <button
      id="blockedBtn"
      onClick={[Function]}
    >
      Заблокированные
    </button>
  </div>,
  <div>
    <table>
      <tbody>
        <tr>
          <th>
            Фамилия
          </th>
          <th>
            Имя
          </th>
          <th>
            Отчество
          </th>
          <th>
            Баланс
          </th>
          <th>
            Статус
          </th>
          <th>
            Редактировать
          </th>
          <th>
            Удалить
          </th>
        </tr>
        <tr>
          <td>
            Ivan
          </td>
          <td>
            Ivanov
          </td>
          <td>
            Ivanovich
          </td>
          <td>
            200
          </td>
          <td>
            active
          </td>
          <td>
            <button
              id="editBtn"
              onClick={[Function]}
            >
              Редактировать
            </button>
          </td>
          <td>
            <button
              id="deleteBtn"
              onClick={[Function]}
            >
              Удалить
            </button>
          </td>
        </tr>
        <tr>
          <td>
            Petr
          </td>
          <td>
            Petrov
          </td>
          <td>
            Petrovich
          </td>
          <td>
            100
          </td>
          <td>
            active
          </td>
          <td>
            <button
              id="editBtn"
              onClick={[Function]}
            >
              Редактировать
            </button>
          </td>
          <td>
            <button
              id="deleteBtn"
              onClick={[Function]}
            >
              Удалить
            </button>
          </td>
        </tr>
        <tr>
          <td>
            Sidor
          </td>
          <td>
            Sidorov
          </td>
          <td>
            Sidorovich
          </td>
          <td>
            50
          </td>
          <td>
            active
          </td>
          <td>
            <button
              id="editBtn"
              onClick={[Function]}
            >
              Редактировать
            </button>
          </td>
          <td>
            <button
              id="deleteBtn"
              onClick={[Function]}
            >
              Удалить
            </button>
          </td>
        </tr>
        <tr>
          <td>
            Dmitrij
          </td>
          <td>
            Dmitrijev
          </td>
          <td>
            Dmitrievich
          </td>
          <td>
            -100
          </td>
          <td>
            blocked
          </td>
          <td>
            <button
              id="editBtn"
              onClick={[Function]}
            >
              Редактировать
            </button>
          </td>
          <td>
            <button
              id="deleteBtn"
              onClick={[Function]}
            >
              Удалить
            </button>
          </td>
        </tr>
        <tr>
          <td>
            Nikolay
          </td>
          <td>
            Nikolayev
          </td>
          <td>
            Nikolaevich
          </td>
          <td>
            70
          </td>
          <td>
            active
          </td>
          <td>
            <button
              id="editBtn"
              onClick={[Function]}
            >
              Редактировать
            </button>
          </td>
          <td>
            <button
              id="deleteBtn"
              onClick={[Function]}
            >
              Удалить
            </button>
          </td>
        </tr>
      </tbody>
    </table>
    <button
      onClick={[Function]}
    >
      Добавить клиента
    </button>
  </div>,
]
`;

exports[`проверка кнопки фильтрации "заблокированные" 2`] = `
Array [
  <div>
    <button
      id="allBtn"
      onClick={[Function]}
    >
      Все
    </button>
    <button
      id="activeBtn"
      onClick={[Function]}
    >
      Активные
    </button>
    <button
      id="blockedBtn"
      onClick={[Function]}
    >
      Заблокированные
    </button>
  </div>,
  <div>
    <table>
      <tbody>
        <tr>
          <th>
            Фамилия
          </th>
          <th>
            Имя
          </th>
          <th>
            Отчество
          </th>
          <th>
            Баланс
          </th>
          <th>
            Статус
          </th>
          <th>
            Редактировать
          </th>
          <th>
            Удалить
          </th>
        </tr>
        <tr>
          <td>
            Dmitrij
          </td>
          <td>
            Dmitrijev
          </td>
          <td>
            Dmitrievich
          </td>
          <td>
            -100
          </td>
          <td>
            blocked
          </td>
          <td>
            <button
              id="editBtn"
              onClick={[Function]}
            >
              Редактировать
            </button>
          </td>
          <td>
            <button
              id="deleteBtn"
              onClick={[Function]}
            >
              Удалить
            </button>
          </td>
        </tr>
      </tbody>
    </table>
    <button
      onClick={[Function]}
    >
      Добавить клиента
    </button>
  </div>,
]
`;

exports[`проверка кнопки фильтрации "заблокированные" 3`] = `
Array [
  <div>
    <button
      id="allBtn"
      onClick={[Function]}
    >
      Все
    </button>
    <button
      id="activeBtn"
      onClick={[Function]}
    >
      Активные
    </button>
    <button
      id="blockedBtn"
      onClick={[Function]}
    >
      Заблокированные
    </button>
  </div>,
  <div>
    <table>
      <tbody>
        <tr>
          <th>
            Фамилия
          </th>
          <th>
            Имя
          </th>
          <th>
            Отчество
          </th>
          <th>
            Баланс
          </th>
          <th>
            Статус
          </th>
          <th>
            Редактировать
          </th>
          <th>
            Удалить
          </th>
        </tr>
        <tr>
          <td>
            Dmitrij
          </td>
          <td>
            Dmitrijev
          </td>
          <td>
            Dmitrievich
          </td>
          <td>
            -100
          </td>
          <td>
            blocked
          </td>
          <td>
            <button
              id="editBtn"
              onClick={[Function]}
            >
              Редактировать
            </button>
          </td>
          <td>
            <button
              id="deleteBtn"
              onClick={[Function]}
            >
              Удалить
            </button>
          </td>
        </tr>
      </tbody>
    </table>
    <button
      onClick={[Function]}
    >
      Добавить клиента
    </button>
  </div>,
]
`;
